---
source: crates/compiler-web/tests/snapshots.rs
expression: text
---
import type { Metadata } from "next";
import Image from "next/image";

export const metadata: Metadata = {
  title: "À propos — Deep Atelier",
  description:
    "Pourquoi nous construisons un builder dont le code vous appartient.",
};

export default function AProposPage() {
  return (
    <main className="max-w-3xl mx-auto px-4 py-16 md:py-24">
      <h1 className="text-4xl font-bold tracking-tight">À propos</h1>
      <p className="mt-6 text-lg text-muted-foreground">
        Deep Atelier part d&apos;une idée simple :{" "}
        <strong>le canvas d&apos;abord</strong>, le code toujours. Chaque action
        produit du code <em>lisible</em> que vous pouvez relire, modifier et
        pousser sur GitHub.
      </p>
      <Image
        src="/placeholders/landscape-equipe.svg"
        alt="L'équipe au travail"
        width={1200}
        height={900}
        unoptimized
        className="w-full mt-10 rounded-xl"
      />
    </main>
  );
}
